ws-xcallers-Process-002_B_r1: 95.4s ok
ws-ximpact-NewRegistry-003_B_r1: 69.5s ok
ws-xcallers-CounterOpts-004_B_r1: 50.4s ok
ws-ximpact-Logger-005_B_r1: 91.8s ok
ws-xcallers-HttpException-006_B_r1: 111.6s ok
ws-ximpact-ResponseEvent-007_B_r1: 160.3s ok
ws-xcallers-MockArraySessionStorage-008_B_r1: 53.3s ok
ws-ximpact-BadRequestHttpException-009_B_r1: 150.6s ok
ws-xcallers-UnexpectedTypeException-010_B_r1: 99.4s ok
ws-ximpact-RouteNotFoundException-011_B_r1: 95.3s ok
ws-xcallers-Counter-012_B_r1: 57.5s ok
ws-ximpact-InputBag-013_B_r1: 119.8s ok
ws-xcallers-Controller-014_B_r1: 115.1s ok
ws-ximpact-NewCounter-015_B_r1: 94.3s ok
ws-xcallers-ConstraintViolationListInterface-016_B_r1: 56.6s ok
ws-ximpact-CompilerPassInterface-017_B_r1: 88.8s ok
ws-xcallers-isUndefined-018_B_r1: 26.4s ok
ws-ximpact-isFunction-019_B_r1: 107.5s ok
ws-xcallers-GaugeOpts-020_B_r1: 27.1s ok
ws-ximpact-isObject-021_B_r1: 83.5s ok
ws-xcallers-isNil-022_B_r1: 41.0s ok
ws-ximpact-RequestMethod-023_B_r1: 99.1s ok
ws-xcallers-NewGauge-024_B_r1: 46.6s ok
ws-ximpact-CounterVec-025_B_r1: 115.2s ok
ws-xcallers-Gauge-026_B_r1: 68.8s ok
ws-ximpact-isEmpty-027_B_r1: 44.5s ok
ws-xcallers-Collector-028_B_r1: 104.5s ok
ws-ximpact-isString-029_B_r1: 83.2s ok
ws-xcallers-InjectionToken-030_B_r1: 48.6s ok
ws-ximpact-Scope-031_B_r1: 101.2s ok
ws-xcallers-DynamicModule-032_B_r1: 55.9s ok
ws-ximpact-NewCounterVec-033_B_r1: 34.8s ok
ws-xcallers-SummaryOpts-034_B_r1: 32.2s ok
ws-ximpact-ToFloat64-035_B_r1: 112.5s ok
ws-xcallers-HTTPException-036_B_r1: 52.3s ok
ws-ximpact-BadRequest-037_B_r1: 114.9s ok
ws-xcallers-NotFound-038_B_r1: 175.4s ok
ws-ximpact-http_date-039_B_r1: 62.0s ok
ws-xcallers-RequestRedirect-040_B_r1: 35.2s ok
ws-ximpact-BuildError-041_B_r1: 45.9s ok
ws-xcallers-Response-042_B_r1: 67.2s ok
ws-ximpact-redirect-043_B_r1: 58.7s ok
ws-xcallers-Forbidden-044_B_r1: 33.0s ok
ws-ximpact-abort-045_B_r1: 76.1s ok
ws-xcallers-is_running_from_reloader-046_B_r1: 34.7s ok
ws-ximpact-LocalProxy-047_B_r1: 95.9s ok
ws-xsubtypes-Logger-048_B_r1: 49.1s ok
ws-xsubtypes-HttpException-049_B_r1: 86.9s ok
ws-xsubtypes-BadRequestHttpException-050_B_r1: 50.7s ok
ws-xsubtypes-Controller-051_B_r1: 27.3s ok
ws-xsubtypes-ConstraintViolationListInterface-052_B_r1: 51.4s ok
ws-xsubtypes-RequestMethod-053_B_r1: 43.5s ok
ws-xsubtypes-DynamicModule-054_B_r1: 53.6s ok
ws-xnew-Session-055_B_r1: 152.0s ok
ws-xnew-Reference-056_B_r1: 89.1s ok
ws-xnew-Process-057_B_r1: 124.9s ok
ws-xnew-Logger-058_B_r1: 69.6s ok
ws-xnew-HttpException-059_B_r1: 117.9s ok
ws-xnew-ResponseEvent-060_B_r1: 95.0s ok
ws-xnew-BadRequestHttpException-061_B_r1: 62.8s ok
ws-xnew-UnexpectedTypeException-062_B_r1: 71.2s ok
ws-xnew-RouteNotFoundException-063_B_r1: 49.5s ok
ws-xnew-InputBag-064_B_r1: 63.8s ok
