ws-xcallers-Session-000_A_r1: 96.8s ok
ws-ximpact-Reference-001_A_r1: 49.3s ok
ws-xcallers-Process-002_A_r1: 33.3s ok
ws-ximpact-NewRegistry-003_A_r1: 47.7s ok
ws-xcallers-CounterOpts-004_A_r1: 22.5s ok
ws-ximpact-Logger-005_A_r1: 89.8s ok
ws-xcallers-HttpException-006_A_r1: 230.8s ok
ws-ximpact-ResponseEvent-007_A_r1: 56.0s ok
ws-xcallers-MockArraySessionStorage-008_A_r1: 37.4s ok
ws-ximpact-BadRequestHttpException-009_A_r1: 62.5s ok
ws-xcallers-UnexpectedTypeException-010_A_r1: 24.9s ok
ws-ximpact-RouteNotFoundException-011_A_r1: 87.3s ok
ws-xcallers-Counter-012_A_r1: 138.6s ok
ws-ximpact-InputBag-013_A_r1: 33.5s ok
ws-xcallers-Controller-014_A_r1: 37.1s ok
ws-ximpact-NewCounter-015_A_r1: 26.9s ok
ws-xcallers-ConstraintViolationListInterface-016_A_r1: 13.4s ok
ws-ximpact-CompilerPassInterface-017_A_r1: 42.0s ok
ws-xcallers-isUndefined-018_A_r1: 37.5s ok
ws-ximpact-isFunction-019_A_r1: 39.5s ok
ws-xcallers-GaugeOpts-020_A_r1: 8.0s ok
ws-ximpact-isObject-021_A_r1: 81.5s ok
ws-xcallers-isNil-022_A_r1: 59.6s ok
ws-ximpact-RequestMethod-023_A_r1: 50.1s ok
ws-xcallers-NewGauge-024_A_r1: 42.4s ok
ws-ximpact-CounterVec-025_A_r1: 18.4s ok
ws-xcallers-Gauge-026_A_r1: 62.0s ok
ws-ximpact-isEmpty-027_A_r1: 62.5s ok
ws-xcallers-Collector-028_A_r1: 47.5s ok
ws-ximpact-isString-029_A_r1: 53.4s ok
ws-xcallers-InjectionToken-030_A_r1: 27.1s ok
ws-ximpact-Scope-031_A_r1: 40.7s ok
ws-xcallers-DynamicModule-032_A_r1: 29.1s ok
ws-ximpact-NewCounterVec-033_A_r1: 93.4s ok
ws-xcallers-SummaryOpts-034_A_r1: 9.8s ok
ws-ximpact-ToFloat64-035_A_r1: 33.7s ok
ws-xcallers-HTTPException-036_A_r1: 20.1s ok
ws-ximpact-BadRequest-037_A_r1: 88.8s ok
ws-xcallers-NotFound-038_A_r1: 178.3s ok
ws-ximpact-http_date-039_A_r1: 27.9s ok
ws-xcallers-RequestRedirect-040_A_r1: 27.8s ok
ws-ximpact-BuildError-041_A_r1: 26.5s ok
ws-xcallers-Response-042_A_r1: 46.2s ok
ws-ximpact-redirect-043_A_r1: 41.9s ok
ws-xcallers-Forbidden-044_A_r1: 43.7s ok
ws-ximpact-abort-045_A_r1: 60.1s ok
ws-xcallers-is_running_from_reloader-046_A_r1: 9.9s ok
ws-ximpact-LocalProxy-047_A_r1: 27.7s ok
ws-xsubtypes-Logger-048_A_r1: 31.7s ok
ws-xsubtypes-HttpException-049_A_r1: 86.1s ok
ws-xsubtypes-BadRequestHttpException-050_A_r1: 20.5s ok
ws-xsubtypes-Controller-051_A_r1: 27.5s ok
ws-xsubtypes-ConstraintViolationListInterface-052_A_r1: 8.6s ok
ws-xsubtypes-RequestMethod-053_A_r1: 73.0s ok
ws-xsubtypes-DynamicModule-054_A_r1: 12.7s ok
ws-xnew-Session-055_A_r1: 53.8s ok
ws-xnew-Reference-056_A_r1: 24.5s ok
ws-xnew-Process-057_A_r1: 41.7s ok
ws-xnew-Logger-058_A_r1: 41.4s ok
ws-xnew-HttpException-059_A_r1: 12.1s ok
ws-xnew-ResponseEvent-060_A_r1: 72.9s ok
ws-xnew-BadRequestHttpException-061_A_r1: 33.9s ok
ws-xnew-UnexpectedTypeException-062_A_r1: 85.1s ok
ws-xnew-RouteNotFoundException-063_A_r1: 16.1s ok
ws-xnew-InputBag-064_A_r1: 64.2s ok
