ws-xcallers-Session-000_A_r1: 63.0s ok
ws-ximpact-Reference-001_A_r1: 42.4s ok
ws-xcallers-Process-002_A_r1: 75.1s ok
ws-ximpact-NewRegistry-003_A_r1: 81.0s ok
ws-xcallers-CounterOpts-004_A_r1: 31.0s ok
ws-ximpact-Logger-005_A_r1: 48.2s ok
ws-xcallers-HttpException-006_A_r1: 42.7s ok
ws-ximpact-ResponseEvent-007_A_r1: 81.3s ok
ws-xcallers-MockArraySessionStorage-008_A_r1: 171.3s ok
ws-ximpact-BadRequestHttpException-009_A_r1: 70.5s ok
ws-xcallers-UnexpectedTypeException-010_A_r1: 28.7s ok
ws-ximpact-RouteNotFoundException-011_A_r1: 33.1s ok
ws-xcallers-Counter-012_A_r1: 37.2s ok
ws-ximpact-InputBag-013_A_r1: 31.4s ok
ws-xcallers-Controller-014_A_r1: 76.6s ok
ws-ximpact-NewCounter-015_A_r1: 39.4s ok
ws-xcallers-ConstraintViolationListInterface-016_A_r1: 11.5s ok
ws-ximpact-CompilerPassInterface-017_A_r1: 28.3s ok
ws-xcallers-isUndefined-018_A_r1: 81.5s ok
ws-ximpact-isFunction-019_A_r1: 57.2s ok
ws-xcallers-GaugeOpts-020_A_r1: 19.9s ok
ws-ximpact-isObject-021_A_r1: 53.7s ok
ws-xcallers-isNil-022_A_r1: 8.0s ok
ws-ximpact-RequestMethod-023_A_r1: 67.5s ok
ws-xcallers-NewGauge-024_A_r1: 7.0s ok
ws-ximpact-CounterVec-025_A_r1: 11.0s ok
ws-xcallers-Gauge-026_A_r1: 32.3s ok
ws-ximpact-isEmpty-027_A_r1: 38.9s ok
ws-xcallers-Collector-028_A_r1: 25.8s ok
ws-ximpact-isString-029_A_r1: 36.1s ok
ws-xcallers-InjectionToken-030_A_r1: 46.2s ok
ws-ximpact-Scope-031_A_r1: 44.4s ok
ws-xcallers-DynamicModule-032_A_r1: 30.2s ok
ws-ximpact-NewCounterVec-033_A_r1: 33.1s ok
ws-xcallers-SummaryOpts-034_A_r1: 89.6s ok
ws-ximpact-ToFloat64-035_A_r1: 30.7s ok
ws-xcallers-HTTPException-036_A_r1: 26.9s ok
ws-ximpact-BadRequest-037_A_r1: 110.7s ok
ws-xcallers-NotFound-038_A_r1: 363.6s ok
ws-ximpact-http_date-039_A_r1: 196.8s ok
ws-xcallers-RequestRedirect-040_A_r1: 93.0s ok
ws-ximpact-BuildError-041_A_r1: 17.4s ok
ws-xcallers-Response-042_A_r1: 62.1s ok
ws-ximpact-redirect-043_A_r1: 72.2s ok
ws-xcallers-Forbidden-044_A_r1: 64.6s ok
ws-ximpact-abort-045_A_r1: 14.1s ok
ws-xcallers-is_running_from_reloader-046_A_r1: 34.9s ok
ws-ximpact-LocalProxy-047_A_r1: 52.8s ok
ws-xsubtypes-Logger-048_A_r1: 39.0s ok
ws-xsubtypes-HttpException-049_A_r1: 57.6s ok
ws-xsubtypes-BadRequestHttpException-050_A_r1: 11.7s ok
ws-xsubtypes-Controller-051_A_r1: 25.1s ok
ws-xsubtypes-ConstraintViolationListInterface-052_A_r1: 59.4s ok
ws-xsubtypes-RequestMethod-053_A_r1: 47.4s ok
ws-xsubtypes-DynamicModule-054_A_r1: 65.8s ok
ws-xnew-Session-055_A_r1: 101.2s ok
ws-xnew-Reference-056_A_r1: 62.1s ok
ws-xnew-Process-057_A_r1: 61.1s ok
ws-xnew-Logger-058_A_r1: 12.0s ok
ws-xnew-HttpException-059_A_r1: 74.8s ok
ws-xnew-ResponseEvent-060_A_r1: 34.3s ok
ws-xnew-BadRequestHttpException-061_A_r1: 13.5s ok
ws-xnew-UnexpectedTypeException-062_A_r1: 26.4s ok
ws-xnew-RouteNotFoundException-063_A_r1: 29.9s ok
ws-xnew-InputBag-064_A_r1: 35.0s ok
