ws-xcallers-Session-000_A_r1: 100.4s ok
ws-ximpact-Reference-001_A_r1: 51.9s ok
ws-xcallers-Process-002_A_r1: 14.6s ok
ws-ximpact-NewRegistry-003_A_r1: 41.7s ok
ws-xcallers-CounterOpts-004_A_r1: 8.2s ok
ws-ximpact-Logger-005_A_r1: 47.8s ok
ws-xcallers-HttpException-006_A_r1: 101.5s ok
ws-ximpact-ResponseEvent-007_A_r1: 65.5s ok
ws-xcallers-MockArraySessionStorage-008_A_r1: 30.0s ok
ws-ximpact-BadRequestHttpException-009_A_r1: 30.8s ok
ws-xcallers-UnexpectedTypeException-010_A_r1: 44.9s ok
ws-ximpact-RouteNotFoundException-011_A_r1: 34.4s ok
ws-xcallers-Counter-012_A_r1: 39.1s ok
ws-ximpact-InputBag-013_A_r1: 42.5s ok
ws-xcallers-Controller-014_A_r1: 50.1s ok
ws-ximpact-NewCounter-015_A_r1: 26.2s ok
ws-xcallers-ConstraintViolationListInterface-016_A_r1: 47.6s ok
ws-ximpact-CompilerPassInterface-017_A_r1: 46.5s ok
ws-xcallers-isUndefined-018_A_r1: 24.4s ok
ws-ximpact-isFunction-019_A_r1: 84.2s ok
ws-xcallers-GaugeOpts-020_A_r1: 27.8s ok
ws-ximpact-isObject-021_A_r1: 62.9s ok
ws-xcallers-isNil-022_A_r1: 24.6s ok
ws-ximpact-RequestMethod-023_A_r1: 26.8s ok
ws-xcallers-NewGauge-024_A_r1: 9.1s ok
ws-ximpact-CounterVec-025_A_r1: 35.4s ok
ws-xcallers-Gauge-026_A_r1: 35.9s ok
ws-ximpact-isEmpty-027_A_r1: 66.9s ok
ws-xcallers-Collector-028_A_r1: 39.5s ok
ws-ximpact-isString-029_A_r1: 76.2s ok
ws-xcallers-InjectionToken-030_A_r1: 8.2s ok
ws-ximpact-Scope-031_A_r1: 65.4s ok
ws-xcallers-DynamicModule-032_A_r1: 34.6s ok
ws-ximpact-NewCounterVec-033_A_r1: 30.8s ok
ws-xcallers-SummaryOpts-034_A_r1: 8.8s ok
ws-ximpact-ToFloat64-035_A_r1: 24.0s ok
ws-xcallers-HTTPException-036_A_r1: 73.3s ok
ws-ximpact-BadRequest-037_A_r1: 54.8s ok
ws-xcallers-NotFound-038_A_r1: 23.9s ok
ws-ximpact-http_date-039_A_r1: 25.4s ok
ws-xcallers-RequestRedirect-040_A_r1: 25.0s ok
ws-ximpact-BuildError-041_A_r1: 52.1s ok
ws-xcallers-Response-042_A_r1: 42.2s ok
ws-ximpact-redirect-043_A_r1: 55.5s ok
ws-xcallers-Forbidden-044_A_r1: 115.4s ok
ws-ximpact-abort-045_A_r1: 150.3s ok
ws-xcallers-is_running_from_reloader-046_A_r1: 9.2s ok
ws-ximpact-LocalProxy-047_A_r1: 38.5s ok
ws-xsubtypes-Logger-048_A_r1: 29.8s ok
ws-xsubtypes-HttpException-049_A_r1: 36.9s ok
ws-xsubtypes-BadRequestHttpException-050_A_r1: 11.1s ok
ws-xsubtypes-Controller-051_A_r1: 24.2s ok
ws-xsubtypes-ConstraintViolationListInterface-052_A_r1: 20.8s ok
ws-xsubtypes-RequestMethod-053_A_r1: 37.3s ok
ws-xsubtypes-DynamicModule-054_A_r1: 118.6s ok
ws-xnew-Session-055_A_r1: 79.9s ok
ws-xnew-Reference-056_A_r1: 81.8s ok
ws-xnew-Process-057_A_r1: 103.7s ok
ws-xnew-Logger-058_A_r1: 56.3s ok
ws-xnew-HttpException-059_A_r1: 78.5s ok
ws-xnew-ResponseEvent-060_A_r1: 51.5s ok
ws-xnew-BadRequestHttpException-061_A_r1: 12.2s ok
ws-xnew-UnexpectedTypeException-062_A_r1: 17.1s ok
ws-xnew-RouteNotFoundException-063_A_r1: 15.3s ok
ws-xnew-InputBag-064_A_r1: 38.7s ok
