ws-xcallers-Session-000_B_r1: 66.5s ok
ws-ximpact-Reference-001_B_r1: 60.6s ok
ws-xcallers-Process-002_B_r1: 44.6s ok
ws-ximpact-NewRegistry-003_B_r1: 28.8s ok
ws-xcallers-CounterOpts-004_B_r1: 98.1s ok
ws-ximpact-Logger-005_B_r1: 52.9s ok
ws-xcallers-HttpException-006_B_r1: 51.9s ok
ws-ximpact-ResponseEvent-007_B_r1: 45.3s ok
ws-xcallers-MockArraySessionStorage-008_B_r1: 17.8s ok
ws-ximpact-BadRequestHttpException-009_B_r1: 41.3s ok
ws-xcallers-UnexpectedTypeException-010_B_r1: 11.5s ok
ws-ximpact-RouteNotFoundException-011_B_r1: 30.5s ok
ws-xcallers-Counter-012_B_r1: 54.8s ok
ws-ximpact-InputBag-013_B_r1: 25.0s ok
ws-xcallers-Controller-014_B_r1: 54.0s ok
ws-ximpact-NewCounter-015_B_r1: 63.5s ok
ws-xcallers-ConstraintViolationListInterface-016_B_r1: 16.8s ok
ws-ximpact-CompilerPassInterface-017_B_r1: 23.4s ok
ws-xcallers-isUndefined-018_B_r1: 44.0s ok
ws-ximpact-isFunction-019_B_r1: 27.9s ok
ws-xcallers-GaugeOpts-020_B_r1: 12.5s ok
ws-ximpact-isObject-021_B_r1: 59.7s ok
ws-xcallers-isNil-022_B_r1: 61.1s ok
ws-ximpact-RequestMethod-023_B_r1: 44.4s ok
ws-xcallers-NewGauge-024_B_r1: 24.9s ok
ws-ximpact-CounterVec-025_B_r1: 31.2s ok
ws-xcallers-Gauge-026_B_r1: 33.5s ok
ws-ximpact-isEmpty-027_B_r1: 50.5s ok
ws-xcallers-Collector-028_B_r1: 41.8s ok
ws-ximpact-isString-029_B_r1: 52.5s ok
ws-xcallers-InjectionToken-030_B_r1: 72.2s ok
ws-ximpact-Scope-031_B_r1: 31.9s ok
ws-xcallers-DynamicModule-032_B_r1: 40.2s ok
ws-ximpact-NewCounterVec-033_B_r1: 18.8s ok
ws-xcallers-SummaryOpts-034_B_r1: 55.9s ok
ws-ximpact-ToFloat64-035_B_r1: 37.3s ok
ws-xcallers-HTTPException-036_B_r1: 56.2s ok
ws-ximpact-BadRequest-037_B_r1: 95.9s ok
ws-xcallers-NotFound-038_B_r1: 79.3s ok
ws-ximpact-http_date-039_B_r1: 13.7s ok
ws-xcallers-RequestRedirect-040_B_r1: 5.4s ok
ws-ximpact-BuildError-041_B_r1: 55.3s ok
ws-xcallers-Response-042_B_r1: 11.4s ok
ws-ximpact-redirect-043_B_r1: 52.8s ok
ws-xcallers-Forbidden-044_B_r1: 49.0s ok
ws-ximpact-abort-045_B_r1: 57.0s ok
ws-xcallers-is_running_from_reloader-046_B_r1: 99.4s ok
ws-ximpact-LocalProxy-047_B_r1: 20.0s ok
ws-xsubtypes-Logger-048_B_r1: 42.3s ok
ws-xsubtypes-HttpException-049_B_r1: 122.9s ok
ws-xsubtypes-BadRequestHttpException-050_B_r1: 92.2s ok
ws-xsubtypes-Controller-051_B_r1: 82.1s ok
ws-xsubtypes-ConstraintViolationListInterface-052_B_r1: 15.5s ok
ws-xsubtypes-RequestMethod-053_B_r1: 15.7s ok
ws-xsubtypes-DynamicModule-054_B_r1: 28.6s ok
ws-xnew-Session-055_B_r1: 45.3s ok
ws-xnew-Reference-056_B_r1: 25.5s ok
ws-xnew-Process-057_B_r1: 63.0s ok
ws-xnew-Logger-058_B_r1: 36.2s ok
ws-xnew-HttpException-059_B_r1: 18.5s ok
ws-xnew-ResponseEvent-060_B_r1: 70.2s ok
ws-xnew-BadRequestHttpException-061_B_r1: 86.4s ok
ws-xnew-UnexpectedTypeException-062_B_r1: 11.6s ok
ws-xnew-RouteNotFoundException-063_B_r1: 29.7s ok
ws-xnew-InputBag-064_B_r1: 68.9s ok
